
> frontend@0.0.0 build
> tsc -b && vite build ; code=$?; echo EXIT_CODE=$code; tail 40 build_output.log

file:///C:/Users/Lenovo/Desktop/AIR/AIR/frontend/node_modules/vite/dist/node/cli.js:388
		if (maximumArgsCount < this.cli.args.length) throw new CACError(`Unused args: ${this.cli.args.slice(maximumArgsCount).map((arg) => `\`${arg}\``).join(", ")}`);
		                                                   ^

CACError: Unused args: `code=$?;`, `echo`, `EXIT_CODE=$code;`, `tail`, `40`, `build_output.log`
    at Command.checkUnusedArgs (file:///C:/Users/Lenovo/Desktop/AIR/AIR/frontend/node_modules/vite/dist/node/cli.js:388:54)
    at CAC.runMatchedCommand (file:///C:/Users/Lenovo/Desktop/AIR/AIR/frontend/node_modules/vite/dist/node/cli.js:610:11)
    at CAC.parse (file:///C:/Users/Lenovo/Desktop/AIR/AIR/frontend/node_modules/vite/dist/node/cli.js:563:17)
    at file:///C:/Users/Lenovo/Desktop/AIR/AIR/frontend/node_modules/vite/dist/node/cli.js:835:5
    at ModuleJob.run (node:internal/modules/esm/module_job:274:25)
    at async onImport.tracePromise.__proto__ (node:internal/modules/esm/loader:644:26)

Node.js v22.16.0
